// Vitest Snapshot v1, https://vitest.dev/guide/snapshot.html

exports[`App Component > Render Shop Page 1`] = `
<div>
  <div
    class="_container_2aae8b"
  >
    <a
      href="/"
    >
      <h1
        class="_title_2aae8b"
      >
        <svg
          class="lucide lucide-store"
          fill="none"
          height="40"
          stroke="white"
          stroke-linecap="round"
          stroke-linejoin="round"
          stroke-width="2"
          viewBox="0 0 24 24"
          width="40"
          xmlns="http://www.w3.org/2000/svg"
        >
          <path
            d="m2 7 4.41-4.41A2 2 0 0 1 7.83 2h8.34a2 2 0 0 1 1.42.59L22 7"
          />
          <path
            d="M4 12v8a2 2 0 0 0 2 2h12a2 2 0 0 0 2-2v-8"
          />
          <path
            d="M15 22v-4a2 2 0 0 0-2-2h-2a2 2 0 0 0-2 2v4"
          />
          <path
            d="M2 7h20"
          />
          <path
            d="M22 7v3a2 2 0 0 1-2 2a2.7 2.7 0 0 1-1.59-.63.7.7 0 0 0-.82 0A2.7 2.7 0 0 1 16 12a2.7 2.7 0 0 1-1.59-.63.7.7 0 0 0-.82 0A2.7 2.7 0 0 1 12 12a2.7 2.7 0 0 1-1.59-.63.7.7 0 0 0-.82 0A2.7 2.7 0 0 1 8 12a2.7 2.7 0 0 1-1.59-.63.7.7 0 0 0-.82 0A2.7 2.7 0 0 1 4 12a2 2 0 0 1-2-2V7"
          />
        </svg>
        Demo Store
      </h1>
    </a>
    <ul
      class="_listContainer_2aae8b"
    >
      <li>
        <a
          href="/"
        >
          Home
        </a>
      </li>
      <li>
        <a
          href="/shop"
        >
          Shop
        </a>
      </li>
      <li>
        <a
          href="https://github.com/MetalSnow"
          target="_blank"
        >
          About
        </a>
      </li>
    </ul>
  </div>
  <div
    class="_container_64976f"
  >
    <button
      class="_button_6d819b"
    >
      <span>
        0
      </span>
      <svg
        class="lucide lucide-shopping-cart"
        fill="none"
        height="25"
        stroke="white"
        stroke-linecap="round"
        stroke-linejoin="round"
        stroke-width="2"
        viewBox="0 0 24 24"
        width="25"
        xmlns="http://www.w3.org/2000/svg"
      >
        <circle
          cx="8"
          cy="21"
          r="1"
        />
        <circle
          cx="19"
          cy="21"
          r="1"
        />
        <path
          d="M2.05 2.05h2l2.66 12.42a2 2 0 0 0 2 1.58h9.78a2 2 0 0 0 1.95-1.57l1.65-7.43H5.12"
        />
      </svg>
    </button>
    <aside
      class="_aside_64976f"
    >
      <p>
        Category
      </p>
      <ul>
        <li>
          coats
        </li>
        <li>
          shirts
        </li>
        <li>
          pants
        </li>
        <li>
          shoes
        </li>
      </ul>
    </aside>
    <ul
      style="color: black;"
    >
      <div
        class="_card_64976f"
      >
        <div>
          product one
          <p>
            name one
          </p>
          <p>
            $ 
            222
          </p>
          <div>
            <p>
              4.3
               stars
            </p>
            <p>
              100
               ratings
            </p>
          </div>
        </div>
        <div>
          <div
            class="_inputContainer_64976f"
          >
            <button
              class="_decrement_64976f"
            >
               
              -
               
            </button>
            <input
              max="20"
              maxlength="2"
              min="0"
              type="number"
              value="0"
            />
            <button
              class="_increment_64976f"
            >
               
              +
               
            </button>
          </div>
          <button>
            Add To Cart
          </button>
        </div>
      </div>
    </ul>
  </div>
</div>
`;

exports[`Shop Component > renders NavBar, CartButton, and CardItem components 1`] = `
<div>
  <div
    class="_container_2aae8b"
  >
    <a
      href="/"
    >
      <h1
        class="_title_2aae8b"
      >
        <svg
          class="lucide lucide-store"
          fill="none"
          height="40"
          stroke="white"
          stroke-linecap="round"
          stroke-linejoin="round"
          stroke-width="2"
          viewBox="0 0 24 24"
          width="40"
          xmlns="http://www.w3.org/2000/svg"
        >
          <path
            d="m2 7 4.41-4.41A2 2 0 0 1 7.83 2h8.34a2 2 0 0 1 1.42.59L22 7"
          />
          <path
            d="M4 12v8a2 2 0 0 0 2 2h12a2 2 0 0 0 2-2v-8"
          />
          <path
            d="M15 22v-4a2 2 0 0 0-2-2h-2a2 2 0 0 0-2 2v4"
          />
          <path
            d="M2 7h20"
          />
          <path
            d="M22 7v3a2 2 0 0 1-2 2a2.7 2.7 0 0 1-1.59-.63.7.7 0 0 0-.82 0A2.7 2.7 0 0 1 16 12a2.7 2.7 0 0 1-1.59-.63.7.7 0 0 0-.82 0A2.7 2.7 0 0 1 12 12a2.7 2.7 0 0 1-1.59-.63.7.7 0 0 0-.82 0A2.7 2.7 0 0 1 8 12a2.7 2.7 0 0 1-1.59-.63.7.7 0 0 0-.82 0A2.7 2.7 0 0 1 4 12a2 2 0 0 1-2-2V7"
          />
        </svg>
        Demo Store
      </h1>
    </a>
    <ul
      class="_listContainer_2aae8b"
    >
      <li>
        <a
          href="/"
        >
          Home
        </a>
      </li>
      <li>
        <a
          href="/shop"
        >
          Shop
        </a>
      </li>
      <li>
        <a
          href="https://github.com/MetalSnow"
          target="_blank"
        >
          About
        </a>
      </li>
    </ul>
  </div>
  <div
    class="_container_64976f"
  >
    <button
      class="_button_6d819b"
    >
      <span>
        0
      </span>
      <svg
        class="lucide lucide-shopping-cart"
        fill="none"
        height="25"
        stroke="white"
        stroke-linecap="round"
        stroke-linejoin="round"
        stroke-width="2"
        viewBox="0 0 24 24"
        width="25"
        xmlns="http://www.w3.org/2000/svg"
      >
        <circle
          cx="8"
          cy="21"
          r="1"
        />
        <circle
          cx="19"
          cy="21"
          r="1"
        />
        <path
          d="M2.05 2.05h2l2.66 12.42a2 2 0 0 0 2 1.58h9.78a2 2 0 0 0 1.95-1.57l1.65-7.43H5.12"
        />
      </svg>
    </button>
    <aside
      class="_aside_64976f"
    >
      <p>
        Category
      </p>
      <ul>
        <li>
          coats
        </li>
        <li>
          shirts
        </li>
        <li>
          pants
        </li>
        <li>
          shoes
        </li>
      </ul>
    </aside>
    <ul
      style="color: black;"
    >
      <div
        class="_card_64976f"
      >
        <div>
          product one
          <p>
            name one
          </p>
          <p>
            $ 
            222
          </p>
          <div>
            <p>
              4.3
               stars
            </p>
            <p>
              100
               ratings
            </p>
          </div>
        </div>
        <div>
          <div
            class="_inputContainer_64976f"
          >
            <button
              class="_decrement_64976f"
            >
               
              -
               
            </button>
            <input
              max="20"
              maxlength="2"
              min="0"
              type="number"
              value="0"
            />
            <button
              class="_increment_64976f"
            >
               
              +
               
            </button>
          </div>
          <button>
            Add To Cart
          </button>
        </div>
      </div>
    </ul>
  </div>
</div>
`;

exports[`Shop Component > should render Shop component 1`] = `
<div>
  <div
    class="_container_2aae8b"
  >
    <a
      href="/"
    >
      <h1
        class="_title_2aae8b"
      >
        <svg
          class="lucide lucide-store"
          fill="none"
          height="40"
          stroke="white"
          stroke-linecap="round"
          stroke-linejoin="round"
          stroke-width="2"
          viewBox="0 0 24 24"
          width="40"
          xmlns="http://www.w3.org/2000/svg"
        >
          <path
            d="m2 7 4.41-4.41A2 2 0 0 1 7.83 2h8.34a2 2 0 0 1 1.42.59L22 7"
          />
          <path
            d="M4 12v8a2 2 0 0 0 2 2h12a2 2 0 0 0 2-2v-8"
          />
          <path
            d="M15 22v-4a2 2 0 0 0-2-2h-2a2 2 0 0 0-2 2v4"
          />
          <path
            d="M2 7h20"
          />
          <path
            d="M22 7v3a2 2 0 0 1-2 2a2.7 2.7 0 0 1-1.59-.63.7.7 0 0 0-.82 0A2.7 2.7 0 0 1 16 12a2.7 2.7 0 0 1-1.59-.63.7.7 0 0 0-.82 0A2.7 2.7 0 0 1 12 12a2.7 2.7 0 0 1-1.59-.63.7.7 0 0 0-.82 0A2.7 2.7 0 0 1 8 12a2.7 2.7 0 0 1-1.59-.63.7.7 0 0 0-.82 0A2.7 2.7 0 0 1 4 12a2 2 0 0 1-2-2V7"
          />
        </svg>
        Demo Store
      </h1>
    </a>
    <ul
      class="_listContainer_2aae8b"
    >
      <li>
        <a
          href="/"
        >
          Home
        </a>
      </li>
      <li>
        <a
          href="/shop"
        >
          Shop
        </a>
      </li>
      <li>
        <a
          href="https://github.com/MetalSnow"
          target="_blank"
        >
          About
        </a>
      </li>
    </ul>
  </div>
  <div
    class="_container_64976f"
  >
    <button
      class="_button_6d819b"
    >
      <span>
        0
      </span>
      <svg
        class="lucide lucide-shopping-cart"
        fill="none"
        height="25"
        stroke="white"
        stroke-linecap="round"
        stroke-linejoin="round"
        stroke-width="2"
        viewBox="0 0 24 24"
        width="25"
        xmlns="http://www.w3.org/2000/svg"
      >
        <circle
          cx="8"
          cy="21"
          r="1"
        />
        <circle
          cx="19"
          cy="21"
          r="1"
        />
        <path
          d="M2.05 2.05h2l2.66 12.42a2 2 0 0 0 2 1.58h9.78a2 2 0 0 0 1.95-1.57l1.65-7.43H5.12"
        />
      </svg>
    </button>
    <aside
      class="_aside_64976f"
    >
      <p>
        Category
      </p>
      <ul>
        <li>
          coats
        </li>
        <li>
          shirts
        </li>
        <li>
          pants
        </li>
        <li>
          shoes
        </li>
      </ul>
    </aside>
    <ul
      style="color: black;"
    >
      <div
        class="_card_64976f"
      >
        <div>
          product one
          <p>
            name one
          </p>
          <p>
            $ 
            222
          </p>
          <div>
            <p>
              4.3
               stars
            </p>
            <p>
              100
               ratings
            </p>
          </div>
        </div>
        <div>
          <div
            class="_inputContainer_64976f"
          >
            <button
              class="_decrement_64976f"
            >
               
              -
               
            </button>
            <input
              max="20"
              maxlength="2"
              min="0"
              type="number"
              value="0"
            />
            <button
              class="_increment_64976f"
            >
               
              +
               
            </button>
          </div>
          <button>
            Add To Cart
          </button>
        </div>
      </div>
    </ul>
  </div>
</div>
`;
